// Jest Snapshot v1, https://goo.gl/fbAQLP

exports[`should render Header correctly 1`] = `
<header>
  <div
    className="row"
  >
    <div
      className="col-2"
    >
      <h1>
        React GraphQL PostgresSQL
      </h1>
    </div>
    <div
      className="col-3"
    >
      <div
        className="row nav"
      >
        <NavLink
          activeClassName="is-active"
          className="nav-link"
          exact={true}
          to="/"
        >
          <div
            className="nav-item"
          >
            <p>
              Dashboard
            </p>
          </div>
        </NavLink>
        <NavLink
          activeClassName="is-active"
          className="nav-link"
          to="/posts"
        >
          <div
            className="nav-item"
          >
            <p>
              Posts
            </p>
          </div>
        </NavLink>
        <NavLink
          activeClassName="is-active"
          className="nav-link"
          to="/help"
        >
          <div
            className="nav-item"
          >
            <p>
              Help Page
            </p>
          </div>
        </NavLink>
      </div>
    </div>
  </div>
</header>
`;
